Navigating to https://harvesthealth-deep-research.hf.space...
Request: GET https://harvesthealth-deep-research.hf.space/
Response: 200 https://harvesthealth-deep-research.hf.space/
Request: GET https://harvesthealth-deep-research.hf.space/_next/static/css/d26b7f29addd61f2.css
Request: GET https://harvesthealth-deep-research.hf.space/_next/static/css/d5479213507e19b3.css
Request: GET https://harvesthealth-deep-research.hf.space/_next/static/chunks/webpack-86cdfa9b3a1ce6b3.js
Request: GET https://harvesthealth-deep-research.hf.space/_next/static/chunks/176bdb59-9beb590485b05892.js
Request: GET https://harvesthealth-deep-research.hf.space/_next/static/chunks/7685-90edcdde852c82e0.js
Request: GET https://harvesthealth-deep-research.hf.space/_next/static/chunks/main-app-89b47c8fced582ec.js
Request: GET https://harvesthealth-deep-research.hf.space/_next/static/chunks/5344-03f6429e0b27eab5.js
Request: GET https://harvesthealth-deep-research.hf.space/_next/static/chunks/4985-b8c2cda95f0b4ee9.js
Request: GET https://harvesthealth-deep-research.hf.space/_next/static/chunks/app/layout-4114e849fa4f0fdf.js
Request: GET https://harvesthealth-deep-research.hf.space/_next/static/chunks/app/not-found-94a0da805c871a1e.js
Request: GET https://harvesthealth-deep-research.hf.space/_next/static/chunks/app/page-a0a8a444945efbad.js
Request: GET https://harvesthealth-deep-research.hf.space/_next/static/chunks/104.3942c77ea7146ec6.js
Request: GET https://harvesthealth-deep-research.hf.space/_next/static/chunks/7256.d73c8e82eeaa41ca.js
Request: GET https://harvesthealth-deep-research.hf.space/_next/static/chunks/838.88902f95d736a8d6.js
Request: GET https://harvesthealth-deep-research.hf.space/_next/static/chunks/6740.d7c81e0bf7921bee.js
Request: GET https://harvesthealth-deep-research.hf.space/_next/static/chunks/3040.41b1a67b40dbf2f7.js
Request: GET https://harvesthealth-deep-research.hf.space/_next/static/chunks/1237.361a8a30fcf672aa.js
Request: GET https://harvesthealth-deep-research.hf.space/_next/static/chunks/1436.4de1511a27277644.js
Request: GET https://harvesthealth-deep-research.hf.space/_next/static/chunks/75146d7d.46b6d5e18df8f255.js
Request: GET https://harvesthealth-deep-research.hf.space/_next/static/chunks/45bd291b.f2eeeff9a0c131ab.js
Request: GET https://harvesthealth-deep-research.hf.space/_next/static/chunks/9340c6c4.fd464d04daf4fa7c.js
Request: GET https://harvesthealth-deep-research.hf.space/_next/static/chunks/2058.b6ffad90a978dd1e.js
Request: GET https://harvesthealth-deep-research.hf.space/_next/static/chunks/4192.7deb9d1f3d0a0631.js
Request: GET https://harvesthealth-deep-research.hf.space/_next/static/chunks/1241.a2b19b99b0d24e2c.js
Request: GET https://harvesthealth-deep-research.hf.space/_next/static/chunks/4618.c6d67d51089890c6.js
Request: GET https://harvesthealth-deep-research.hf.space/_next/static/chunks/2300.e8a59919947a54eb.js
Request: GET https://harvesthealth-deep-research.hf.space/_next/static/chunks/6393.ccab35ae3ad5e56d.js
Request: GET https://harvesthealth-deep-research.hf.space/_next/static/chunks/8016.e93d1704c3385eb2.js
Request: GET https://harvesthealth-deep-research.hf.space/_next/static/chunks/2768.e7ff1d2d50606e68.js
Request: GET https://harvesthealth-deep-research.hf.space/_next/static/chunks/9616.f94e4a10606e3d46.js
Request: GET https://harvesthealth-deep-research.hf.space/_next/static/chunks/2124.e9e5b3a167357bb9.js
Request: GET https://harvesthealth-deep-research.hf.space/_next/static/chunks/993.df0d8672a449df27.js
Request: GET https://harvesthealth-deep-research.hf.space/_next/static/chunks/208.bb76b9cb89eb1b4e.js
Request: GET https://harvesthealth-deep-research.hf.space/_next/static/chunks/4541.6684cd3b9b2dd485.js
Request: GET https://harvesthealth-deep-research.hf.space/_next/static/chunks/7119.d5fecb03a20cb3e9.js
Request: GET https://harvesthealth-deep-research.hf.space/_next/static/chunks/2330.d06bd5e576fc0a47.js
Request: GET https://harvesthealth-deep-research.hf.space/_next/static/chunks/3529.b0007421ecc9a11b.js
Request: GET https://harvesthealth-deep-research.hf.space/_next/static/chunks/1403.a15d4f6ee84e5a3b.js
Request: GET https://harvesthealth-deep-research.hf.space/_next/static/chunks/2792.acfeec5342afae37.js
Request: GET https://harvesthealth-deep-research.hf.space/_next/static/chunks/8271.9eccdcdf28a55d3c.js
Request: GET https://harvesthealth-deep-research.hf.space/_next/static/chunks/2707.4a5ffc7bc5335f64.js
Request: GET https://harvesthealth-deep-research.hf.space/_next/static/chunks/2564.30e697b19e54584d.js
Request: GET https://harvesthealth-deep-research.hf.space/_next/static/chunks/9057.bae76d873f5c9df0.js
Request: GET https://harvesthealth-deep-research.hf.space/_next/static/chunks/5554.4cccaec0f3f15c81.js
Request: GET https://harvesthealth-deep-research.hf.space/_next/static/chunks/5861.25fa6b0ca3abcf36.js
Request: GET https://harvesthealth-deep-research.hf.space/_next/static/chunks/1592.ef99fef9686b41b4.js
Request: GET https://harvesthealth-deep-research.hf.space/_next/static/chunks/4321.a5dca916814a33b2.js
Request: GET https://harvesthealth-deep-research.hf.space/_next/static/chunks/5055.ae85a197073371d1.js
Request: GET https://harvesthealth-deep-research.hf.space/_next/static/chunks/6517.6f187acb71acbaf2.js
Request: GET https://harvesthealth-deep-research.hf.space/_next/static/chunks/2801.5adbe6234ed48c79.js
Response: 200 https://harvesthealth-deep-research.hf.space/_next/static/css/d5479213507e19b3.css
Response: 200 https://harvesthealth-deep-research.hf.space/_next/static/css/d26b7f29addd61f2.css
Response: 200 https://harvesthealth-deep-research.hf.space/_next/static/chunks/webpack-86cdfa9b3a1ce6b3.js
Response: 200 https://harvesthealth-deep-research.hf.space/_next/static/chunks/5344-03f6429e0b27eab5.js
Response: 200 https://harvesthealth-deep-research.hf.space/_next/static/chunks/main-app-89b47c8fced582ec.js
Response: 200 https://harvesthealth-deep-research.hf.space/_next/static/chunks/app/layout-4114e849fa4f0fdf.js
Response: 200 https://harvesthealth-deep-research.hf.space/_next/static/chunks/104.3942c77ea7146ec6.js
Response: 200 https://harvesthealth-deep-research.hf.space/_next/static/chunks/8271.9eccdcdf28a55d3c.js
Response: 200 https://harvesthealth-deep-research.hf.space/_next/static/chunks/app/page-a0a8a444945efbad.js
Response: 200 https://harvesthealth-deep-research.hf.space/_next/static/chunks/4985-b8c2cda95f0b4ee9.js
Response: 200 https://harvesthealth-deep-research.hf.space/_next/static/chunks/app/not-found-94a0da805c871a1e.js
Response: 200 https://harvesthealth-deep-research.hf.space/_next/static/chunks/838.88902f95d736a8d6.js
Response: 200 https://harvesthealth-deep-research.hf.space/_next/static/chunks/2124.e9e5b3a167357bb9.js
Response: 200 https://harvesthealth-deep-research.hf.space/_next/static/chunks/1237.361a8a30fcf672aa.js
Response: 200 https://harvesthealth-deep-research.hf.space/_next/static/chunks/7685-90edcdde852c82e0.js
Response: 200 https://harvesthealth-deep-research.hf.space/_next/static/chunks/6740.d7c81e0bf7921bee.js
Response: 200 https://harvesthealth-deep-research.hf.space/_next/static/chunks/9616.f94e4a10606e3d46.js
Response: 200 https://harvesthealth-deep-research.hf.space/_next/static/chunks/3040.41b1a67b40dbf2f7.js
Response: 200 https://harvesthealth-deep-research.hf.space/_next/static/chunks/2768.e7ff1d2d50606e68.js
Response: 200 https://harvesthealth-deep-research.hf.space/_next/static/chunks/208.bb76b9cb89eb1b4e.js
Response: 200 https://harvesthealth-deep-research.hf.space/_next/static/chunks/176bdb59-9beb590485b05892.js
Response: 200 https://harvesthealth-deep-research.hf.space/_next/static/chunks/45bd291b.f2eeeff9a0c131ab.js
Response: 200 https://harvesthealth-deep-research.hf.space/_next/static/chunks/7256.d73c8e82eeaa41ca.js
Response: 200 https://harvesthealth-deep-research.hf.space/_next/static/chunks/2330.d06bd5e576fc0a47.js
Response: 200 https://harvesthealth-deep-research.hf.space/_next/static/chunks/75146d7d.46b6d5e18df8f255.js
Response: 200 https://harvesthealth-deep-research.hf.space/_next/static/chunks/1436.4de1511a27277644.js
Response: 200 https://harvesthealth-deep-research.hf.space/_next/static/chunks/3529.b0007421ecc9a11b.js
Response: 200 https://harvesthealth-deep-research.hf.space/_next/static/chunks/2300.e8a59919947a54eb.js
Response: 200 https://harvesthealth-deep-research.hf.space/_next/static/chunks/8016.e93d1704c3385eb2.js
Response: 200 https://harvesthealth-deep-research.hf.space/_next/static/chunks/1403.a15d4f6ee84e5a3b.js
Response: 200 https://harvesthealth-deep-research.hf.space/_next/static/chunks/4541.6684cd3b9b2dd485.js
Response: 200 https://harvesthealth-deep-research.hf.space/_next/static/chunks/6393.ccab35ae3ad5e56d.js
Response: 200 https://harvesthealth-deep-research.hf.space/_next/static/chunks/4192.7deb9d1f3d0a0631.js
Response: 200 https://harvesthealth-deep-research.hf.space/_next/static/chunks/2058.b6ffad90a978dd1e.js
Response: 200 https://harvesthealth-deep-research.hf.space/_next/static/chunks/7119.d5fecb03a20cb3e9.js
Response: 200 https://harvesthealth-deep-research.hf.space/_next/static/chunks/9057.bae76d873f5c9df0.js
Response: 200 https://harvesthealth-deep-research.hf.space/_next/static/chunks/4618.c6d67d51089890c6.js
Response: 200 https://harvesthealth-deep-research.hf.space/_next/static/chunks/993.df0d8672a449df27.js
Response: 200 https://harvesthealth-deep-research.hf.space/_next/static/chunks/2707.4a5ffc7bc5335f64.js
Response: 200 https://harvesthealth-deep-research.hf.space/_next/static/chunks/5554.4cccaec0f3f15c81.js
Response: 200 https://harvesthealth-deep-research.hf.space/_next/static/chunks/4321.a5dca916814a33b2.js
Response: 200 https://harvesthealth-deep-research.hf.space/_next/static/chunks/2801.5adbe6234ed48c79.js
Response: 200 https://harvesthealth-deep-research.hf.space/_next/static/chunks/2564.30e697b19e54584d.js
Response: 200 https://harvesthealth-deep-research.hf.space/_next/static/chunks/5861.25fa6b0ca3abcf36.js
Response: 200 https://harvesthealth-deep-research.hf.space/_next/static/chunks/6517.6f187acb71acbaf2.js
Response: 200 https://harvesthealth-deep-research.hf.space/_next/static/chunks/5055.ae85a197073371d1.js
Response: 200 https://harvesthealth-deep-research.hf.space/_next/static/chunks/2792.acfeec5342afae37.js
Response: 200 https://harvesthealth-deep-research.hf.space/_next/static/chunks/1592.ef99fef9686b41b4.js
Response: 200 https://harvesthealth-deep-research.hf.space/_next/static/chunks/9340c6c4.fd464d04daf4fa7c.js
Response: 200 https://harvesthealth-deep-research.hf.space/_next/static/chunks/1241.a2b19b99b0d24e2c.js
Request: GET https://harvesthealth-deep-research.hf.space/_next/static/chunks/5672.7377ff52ca906072.js
Response: 200 https://harvesthealth-deep-research.hf.space/_next/static/chunks/5672.7377ff52ca906072.js
Waiting for input field...
Filling topic...
Clicking Start Thinking...
Waiting for requests...
